============================= test session starts =============================
platform win32 -- Python 3.9.19, pytest-8.4.2, pluggy-1.6.0
rootdir: D:\Project\newt
configfile: pyproject.toml
collected 3 items

tests\unit\features\analysis\test_analysis.py F..                        [100%]

================================== FAILURES ===================================
______________________________ test_correlation _______________________________

analysis_data =            x1        x2        x3  target
0    0.374540  0.401289  0.103124       1
1    0.950714  0.864057  0.902553 ...320       1
198  0.887086  0.873465  0.192289       1
199  0.779876  0.777342  0.040869       0

[200 rows x 4 columns]

    def test_correlation(analysis_data):
        df = analysis_data
        # 1. Matrix
>       corr_matrix = calculate_correlation_matrix(df_matrix=df.drop(columns='target'))
E       TypeError: calculate_correlation_matrix() got an unexpected keyword argument 'df_matrix'

tests\unit\features\analysis\test_analysis.py:29: TypeError
=========================== short test summary info ===========================
FAILED tests/unit/features/analysis/test_analysis.py::test_correlation - Type...
========================= 1 failed, 2 passed in 0.22s =========================
